2026-03-29 15:42:03 | INFO     | bot.client | Binance Futures Testnet client initialized
2026-03-29 15:42:03 | INFO     | bot.orders | Market order request: {'symbol': 'BTCUSDT', 'side': 'BUY', 'type': 'MARKET', 'quantity': 0.001}
2026-03-29 15:42:04 | ERROR    | bot.client | API Error: APIError(code=-2014): API-key format invalid.
2026-03-29 15:44:43 | INFO     | bot.client | Binance Futures Testnet client initialized
2026-03-29 15:44:43 | INFO     | bot.orders | Limit order request: {'symbol': 'BTCUSDT', 'side': 'BUY', 'type': 'LIMIT', 'quantity': 0.001, 'price': 50000.0, 'timeInForce': 'GTC'}
2026-03-29 15:44:44 | ERROR    | bot.client | API Error: APIError(code=-2014): API-key format invalid.
2026-03-29 15:47:26 | INFO     | bot.client | Binance Futures Testnet client initialized
2026-03-29 15:47:26 | INFO     | bot.orders | Limit order request: {'symbol': 'BTCUSDT', 'side': 'BUY', 'type': 'LIMIT', 'quantity': 0.001, 'price': 50000.0, 'timeInForce': 'GTC'}
2026-03-29 15:47:28 | ERROR    | bot.client | API Error: APIError(code=-2014): API-key format invalid.
2026-03-29 15:55:02 | INFO     | bot.client | Binance Futures Testnet client initialized
2026-03-29 15:55:02 | INFO     | bot.client | Account info retrieved
2026-03-29 15:55:04 | INFO     | bot.client | Binance Futures Testnet client initialized
2026-03-29 15:55:04 | INFO     | bot.orders | Market order request: {'symbol': 'BTCUSDT', 'side': 'BUY', 'type': 'MARKET', 'quantity': 0.001}
2026-03-29 15:55:06 | ERROR    | bot.client | API Error: APIError(code=-4164): Order's notional must be no smaller than 100 (unless you choose reduce only).
2026-03-29 15:56:00 | INFO     | bot.client | Binance Futures Testnet client initialized
2026-03-29 15:56:00 | INFO     | bot.orders | Market order request: {'symbol': 'BTCUSDT', 'side': 'BUY', 'type': 'MARKET', 'quantity': 0.002}
2026-03-29 15:56:01 | ERROR    | bot.client | API Error: APIError(code=-2019): Margin is insufficient.
2026-03-29 16:11:32 | INFO     | bot.client | Binance Futures Testnet client initialized
2026-03-29 16:11:32 | INFO     | bot.orders | Market order request: {'symbol': 'BTCUSDT', 'side': 'BUY', 'type': 'MARKET', 'quantity': 0.001}
2026-03-29 16:11:33 | ERROR    | bot.client | API Error: APIError(code=-4164): Order's notional must be no smaller than 100 (unless you choose reduce only).
2026-03-29 16:11:50 | INFO     | bot.client | Binance Futures Testnet client initialized
2026-03-29 16:11:51 | INFO     | bot.client | Account info retrieved
2026-03-29 16:42:55 | INFO     | bot.client | Binance Futures Testnet client initialized
2026-03-29 16:42:55 | INFO     | bot.orders | Market order request: {'symbol': 'BTCUSDT', 'side': 'BUY', 'type': 'MARKET', 'quantity': 0.001}
2026-03-29 16:42:56 | ERROR    | bot.client | API Error: APIError(code=-4164): Order's notional must be no smaller than 100 (unless you choose reduce only).
2026-03-29 16:42:58 | INFO     | bot.client | Binance Futures Testnet client initialized
2026-03-29 16:42:58 | INFO     | bot.orders | Limit order request: {'symbol': 'BTCUSDT', 'side': 'BUY', 'type': 'LIMIT', 'quantity': 0.001, 'price': 50000.0, 'timeInForce': 'GTC'}
2026-03-29 16:42:59 | ERROR    | bot.client | API Error: APIError(code=-4164): Order's notional must be no smaller than 100 (unless you choose reduce only).
2026-03-29 16:44:45 | INFO     | bot.client | Binance Futures Testnet client initialized
2026-03-29 16:44:45 | INFO     | bot.orders | Market order request: {'symbol': 'BTCUSDT', 'side': 'BUY', 'type': 'MARKET', 'quantity': 0.001}
2026-03-29 16:44:46 | ERROR    | bot.client | API Error: APIError(code=-4164): Order's notional must be no smaller than 100 (unless you choose reduce only).
2026-03-29 16:44:48 | INFO     | bot.client | Binance Futures Testnet client initialized
2026-03-29 16:44:48 | INFO     | bot.orders | Limit order request: {'symbol': 'BTCUSDT', 'side': 'BUY', 'type': 'LIMIT', 'quantity': 0.001, 'price': 50000.0, 'timeInForce': 'GTC'}
2026-03-29 16:44:48 | ERROR    | bot.client | API Error: APIError(code=-4164): Order's notional must be no smaller than 100 (unless you choose reduce only).
2026-03-29 16:46:16 | INFO     | bot.client | Binance Futures Testnet client initialized
2026-03-29 16:46:16 | INFO     | bot.orders | Market order request: {'symbol': 'BTCUSDT', 'side': 'BUY', 'type': 'MARKET', 'quantity': 0.002}
2026-03-29 16:46:17 | INFO     | bot.client | Order placed: {'orderId': 13006468189, 'symbol': 'BTCUSDT', 'status': 'NEW', 'clientOrderId': 'x-Cb7ytekJ969a89f191a1cd4d0355fd', 'price': '0.00', 'avgPrice': '0.00', 'origQty': '0.002', 'executedQty': '0.000', 'cumQty': '0.000', 'cumQuote': '0.00000', 'timeInForce': 'GTC', 'type': 'MARKET', 'reduceOnly': False, 'closePosition': False, 'side': 'BUY', 'positionSide': 'BOTH', 'stopPrice': '0.00', 'workingType': 'CONTRACT_PRICE', 'priceProtect': False, 'origType': 'MARKET', 'priceMatch': 'NONE', 'selfTradePreventionMode': 'EXPIRE_MAKER', 'goodTillDate': 0, 'updateTime': 1774782976818}
2026-03-29 16:46:17 | INFO     | bot.orders | Market order response: {'orderId': 13006468189, 'symbol': 'BTCUSDT', 'status': 'NEW', 'clientOrderId': 'x-Cb7ytekJ969a89f191a1cd4d0355fd', 'price': '0.00', 'avgPrice': '0.00', 'origQty': '0.002', 'executedQty': '0.000', 'cumQty': '0.000', 'cumQuote': '0.00000', 'timeInForce': 'GTC', 'type': 'MARKET', 'reduceOnly': False, 'closePosition': False, 'side': 'BUY', 'positionSide': 'BOTH', 'stopPrice': '0.00', 'workingType': 'CONTRACT_PRICE', 'priceProtect': False, 'origType': 'MARKET', 'priceMatch': 'NONE', 'selfTradePreventionMode': 'EXPIRE_MAKER', 'goodTillDate': 0, 'updateTime': 1774782976818}
2026-03-29 16:50:08 | INFO     | bot.client | Binance Futures Testnet client initialized
2026-03-29 16:50:08 | INFO     | bot.orders | Market order request: {'symbol': 'BTCUSDT', 'side': 'BUY', 'type': 'MARKET', 'quantity': 0.003}
2026-03-29 16:50:09 | INFO     | bot.client | Order placed: {'orderId': 13006473090, 'symbol': 'BTCUSDT', 'status': 'NEW', 'clientOrderId': 'x-Cb7ytekJ64c6c64eb238aa3aff29a5', 'price': '0.00', 'avgPrice': '0.00', 'origQty': '0.003', 'executedQty': '0.000', 'cumQty': '0.000', 'cumQuote': '0.00000', 'timeInForce': 'GTC', 'type': 'MARKET', 'reduceOnly': False, 'closePosition': False, 'side': 'BUY', 'positionSide': 'BOTH', 'stopPrice': '0.00', 'workingType': 'CONTRACT_PRICE', 'priceProtect': False, 'origType': 'MARKET', 'priceMatch': 'NONE', 'selfTradePreventionMode': 'EXPIRE_MAKER', 'goodTillDate': 0, 'updateTime': 1774783209266}
2026-03-29 16:50:09 | INFO     | bot.orders | Market order response: {'orderId': 13006473090, 'symbol': 'BTCUSDT', 'status': 'NEW', 'clientOrderId': 'x-Cb7ytekJ64c6c64eb238aa3aff29a5', 'price': '0.00', 'avgPrice': '0.00', 'origQty': '0.003', 'executedQty': '0.000', 'cumQty': '0.000', 'cumQuote': '0.00000', 'timeInForce': 'GTC', 'type': 'MARKET', 'reduceOnly': False, 'closePosition': False, 'side': 'BUY', 'positionSide': 'BOTH', 'stopPrice': '0.00', 'workingType': 'CONTRACT_PRICE', 'priceProtect': False, 'origType': 'MARKET', 'priceMatch': 'NONE', 'selfTradePreventionMode': 'EXPIRE_MAKER', 'goodTillDate': 0, 'updateTime': 1774783209266}
2026-03-29 17:12:35 | INFO     | bot.client | Binance Futures Testnet client initialized
2026-03-29 17:12:35 | INFO     | bot.orders | Market order request: {'symbol': 'BTCUSDT', 'side': 'BUY', 'type': 'MARKET', 'quantity': 0.003}
2026-03-29 17:12:36 | INFO     | bot.client | Order placed: {'orderId': 13006501806, 'symbol': 'BTCUSDT', 'status': 'NEW', 'clientOrderId': 'x-Cb7ytekJ4ae09f0aede22196e02d08', 'price': '0.00', 'avgPrice': '0.00', 'origQty': '0.003', 'executedQty': '0.000', 'cumQty': '0.000', 'cumQuote': '0.00000', 'timeInForce': 'GTC', 'type': 'MARKET', 'reduceOnly': False, 'closePosition': False, 'side': 'BUY', 'positionSide': 'BOTH', 'stopPrice': '0.00', 'workingType': 'CONTRACT_PRICE', 'priceProtect': False, 'origType': 'MARKET', 'priceMatch': 'NONE', 'selfTradePreventionMode': 'EXPIRE_MAKER', 'goodTillDate': 0, 'updateTime': 1774784556448}
2026-03-29 17:12:36 | INFO     | bot.orders | Market order response: {'orderId': 13006501806, 'symbol': 'BTCUSDT', 'status': 'NEW', 'clientOrderId': 'x-Cb7ytekJ4ae09f0aede22196e02d08', 'price': '0.00', 'avgPrice': '0.00', 'origQty': '0.003', 'executedQty': '0.000', 'cumQty': '0.000', 'cumQuote': '0.00000', 'timeInForce': 'GTC', 'type': 'MARKET', 'reduceOnly': False, 'closePosition': False, 'side': 'BUY', 'positionSide': 'BOTH', 'stopPrice': '0.00', 'workingType': 'CONTRACT_PRICE', 'priceProtect': False, 'origType': 'MARKET', 'priceMatch': 'NONE', 'selfTradePreventionMode': 'EXPIRE_MAKER', 'goodTillDate': 0, 'updateTime': 1774784556448}
2026-03-29 17:13:32 | INFO     | bot.client | Binance Futures Testnet client initialized
2026-03-29 17:13:32 | INFO     | bot.orders | Limit order request: {'symbol': 'BTCUSDT', 'side': 'BUY', 'type': 'LIMIT', 'quantity': 0.003, 'price': 70000.0, 'timeInForce': 'GTC'}
2026-03-29 17:13:33 | INFO     | bot.client | Order placed: {'orderId': 13006503002, 'symbol': 'BTCUSDT', 'status': 'NEW', 'clientOrderId': 'x-Cb7ytekJ7c469d2e3084e4ee3bf3c9', 'price': '70000.00', 'avgPrice': '0.00', 'origQty': '0.003', 'executedQty': '0.000', 'cumQty': '0.000', 'cumQuote': '0.00000', 'timeInForce': 'GTC', 'type': 'LIMIT', 'reduceOnly': False, 'closePosition': False, 'side': 'BUY', 'positionSide': 'BOTH', 'stopPrice': '0.00', 'workingType': 'CONTRACT_PRICE', 'priceProtect': False, 'origType': 'LIMIT', 'priceMatch': 'NONE', 'selfTradePreventionMode': 'EXPIRE_MAKER', 'goodTillDate': 0, 'updateTime': 1774784612869}
2026-03-29 17:13:33 | INFO     | bot.orders | Limit order response: {'orderId': 13006503002, 'symbol': 'BTCUSDT', 'status': 'NEW', 'clientOrderId': 'x-Cb7ytekJ7c469d2e3084e4ee3bf3c9', 'price': '70000.00', 'avgPrice': '0.00', 'origQty': '0.003', 'executedQty': '0.000', 'cumQty': '0.000', 'cumQuote': '0.00000', 'timeInForce': 'GTC', 'type': 'LIMIT', 'reduceOnly': False, 'closePosition': False, 'side': 'BUY', 'positionSide': 'BOTH', 'stopPrice': '0.00', 'workingType': 'CONTRACT_PRICE', 'priceProtect': False, 'origType': 'LIMIT', 'priceMatch': 'NONE', 'selfTradePreventionMode': 'EXPIRE_MAKER', 'goodTillDate': 0, 'updateTime': 1774784612869}
